// Jest Snapshot v1, https://goo.gl/fbAQLP

exports[`AllGamesList should render correctly 1`] = `
<div
  className="games-list"
>
  <h3
    className="game-list-title"
    key="2018-07-28T16:00:00.000Z"
  >
    <span
      className="game-startup-time"
    >
      Saturday 16:00
    </span>
  </h3>
  <div
    className="games-list"
    key="p2106"
  >
    <Link
      to="/games/p2106"
    >
      Test game
    </Link>
     
    <p
      className="game-list-short-description"
    >
      programType.tabletopRPG
      :
       
      Short description
    </p>
  </div>
</div>
`;
