// Jest Snapshot v1, https://goo.gl/fbAQLP

exports[`GameInfo should render correctly 1`] = `
<div
  className="game-details"
>
  <div
    className="game-details-row"
  >
    <h3
      className="game-details-title"
    >
      Test game
    </h3>
    <p
      className="game-details-subtext italic"
    >
      Short description
    </p>
  </div>
  <div
    className="game-details-row"
  >
    <span
      className="game-details-text"
    >
      Test GM
    </span>
  </div>
  <div
    className="game-details-row"
  >
    <span
      className="game-details-title"
    >
      gameInfo.revolvingDoor
    </span>
    <p
      className="game-details-subtext"
    >
      gameInfo.revolvingDoorDescription
    </p>
  </div>
  <div
    className="game-details-row"
  >
    <span
      className="game-details-title"
    >
      gameInfo.runTime
    </span>
    Saturday 19:00
     - 
    23:00
     (
    4
     
    hours
    )
  </div>
  <div
    className="game-details-row"
  >
    <span
      className="game-details-title"
    >
      gameInfo.genres
    </span>
    genre.fantasy, genre.war, genre.exploration, genre.mystery, genre.drama
  </div>
  <div
    className="game-details-row"
  >
    <span
      className="game-details-title"
    >
      gameInfo.description
    </span>
    <p
      className="game-description"
    >
      Test game description
    </p>
  </div>
  <div
    className="game-details-row"
  >
    <span
      className="game-details-title"
    >
      gameInfo.gamesystem
    </span>
    Test gamesystem
  </div>
  <div
    className="game-details-row"
  >
    <span
      className="game-details-title"
    >
      gameInfo.gameStyle
    </span>
    gameStyle.serious, gameStyle.story_driven, gameStyle.character_driven
  </div>
  <div
    className="game-details-row"
  >
    <span
      className="game-details-title"
    >
      gameInfo.location
    </span>
    Test location
  </div>
  <div
    className="game-details-row"
  >
    <span
      className="game-details-title"
    >
      gameInfo.numberOfPlayers
    </span>
    2
     - 
    4
  </div>
</div>
`;
