// Jest Snapshot v1, https://goo.gl/fbAQLP

exports[`GameInfo should render correctly 1`] = `
<div
  className="game-details"
>
  <div
    className="game-details-row game-details-row-with-subtext"
  >
    <h3
      className="game-details-title"
    >
      Test game
    </h3>
  </div>
  <div
    className="game-details-row game-details-subtext"
  >
    <span
      className="game-details-text-indent italic"
    >
      Short description
    </span>
  </div>
  <div
    className="game-details-row game-details-row-with-gap"
  >
    <span
      className="game-details-text-indent"
    >
      Test GM
    </span>
  </div>
  <div
    className="game-details-row game-details-row-with-subtext"
  >
    <span
      className="game-details-title"
    >
      gameInfo.revolvingDoor
    </span>
  </div>
  <div
    className="game-details-row game-details-subtext game-details-row-with-gap"
  >
    <span
      className="game-details-text-indent"
    >
      gameInfo.revolvingDoorDescription
    </span>
  </div>
  <div
    className="game-details-row"
  >
    <span
      className="game-details-title game-details-two-columns"
    >
      gameInfo.runTime
    </span>
    <span
      className="game-details-value"
    >
      <span>
        Saturday 19:00
         - 
        23:00
         
      </span>
      <span
        className="no-wrap"
      >
        (
        4 hours
        )
      </span>
    </span>
  </div>
  <div
    className="game-details-row"
  >
    <span
      className="game-details-title game-details-two-columns"
    >
      gameInfo.genres
    </span>
    <span
      className="game-details-value"
    >
      <span
        key="fantasy"
      >
        <span
          className="no-wrap"
        >
          genre.fantasy
        </span>
        <span>
          , 
        </span>
      </span>
      <span
        key="war"
      >
        <span
          className="no-wrap"
        >
          genre.war
        </span>
        <span>
          , 
        </span>
      </span>
      <span
        key="exploration"
      >
        <span
          className="no-wrap"
        >
          genre.exploration
        </span>
        <span>
          , 
        </span>
      </span>
      <span
        key="mystery"
      >
        <span
          className="no-wrap"
        >
          genre.mystery
        </span>
        <span>
          , 
        </span>
      </span>
      <span
        key="drama"
      >
        <span
          className="no-wrap"
        >
          genre.drama
        </span>
        <span />
      </span>
    </span>
  </div>
  <div
    className="game-details-row"
  >
    <span
      className="game-details-title"
    >
      gameInfo.description
    </span>
  </div>
  <div
    className="game-details-row game-details-row-with-gap"
  >
    <span>
      Test game description
    </span>
  </div>
  <div
    className="game-details-row"
  >
    <span
      className="game-details-title game-details-two-columns"
    >
      gameInfo.gamesystem
    </span>
    <span
      className="game-details-value"
    >
      Test gamesystem
    </span>
  </div>
  <div
    className="game-details-row"
  >
    <span
      className="game-details-title game-details-two-columns"
    >
      gameInfo.gameStyle
    </span>
    <span
      className="game-details-value"
    >
      <span
        key="serious"
      >
        <span
          className="no-wrap"
        >
          gameStyle.serious
        </span>
        <span>
          , 
        </span>
      </span>
      <span
        key="story_driven"
      >
        <span
          className="no-wrap"
        >
          gameStyle.story_driven
        </span>
        <span>
          , 
        </span>
      </span>
      <span
        key="character_driven"
      >
        <span
          className="no-wrap"
        >
          gameStyle.character_driven
        </span>
        <span />
      </span>
    </span>
  </div>
  <div
    className="game-details-row"
  >
    <span
      className="game-details-title game-details-two-columns"
    >
      gameInfo.location
    </span>
    <span
      className="game-details-value"
    >
      Test location
    </span>
  </div>
  <div
    className="game-details-row"
  >
    <span
      className="game-details-title game-details-two-columns"
    >
      gameInfo.numberOfPlayers
    </span>
    <span
      className="game-details-value"
    >
      2
       - 
      4
    </span>
  </div>
</div>
`;
