// Jest Snapshot v1, https://goo.gl/fbAQLP

exports[`FormField should render correctly 1`] = `
<div
  className="form-row"
>
  <div
    className="form-field"
  >
    <input
      className="form-input"
      id="password"
      label="password"
      name="password"
      onBlur={[Function]}
      onChange={[Function]}
      onDragStart={[Function]}
      onDrop={[Function]}
      onFocus={[Function]}
      placeholder="password"
      type=""
      value=""
    />
  </div>
  <div
    className="form-field-error"
  >
    validation.required
  </div>
</div>
`;
