// Jest Snapshot v1, https://goo.gl/fbAQLP

exports[`LanguageSelector should render correctly 1`] = `
<Fragment>
  <select
    id="language"
    onChange={[Function]}
    type="text"
    value="en"
  >
    <option
      value="en"
    >
      language.english
    </option>
    <option
      value="fi"
    >
      language.finnish
    </option>
  </select>
</Fragment>
`;
